\BOOKMARK [1][-]{section.1}{\376\377\000I\000n\000t\000r\000o\000d\000u\000c\000t\000i\000o\000n}{}% 1
\BOOKMARK [2][-]{subsection.1.1}{\376\377\000B\000a\000c\000k\000g\000r\000o\000u\000n\000d\000\040\000a\000n\000d\000\040\000M\000o\000t\000i\000v\000a\000t\000i\000o\000n}{section.1}% 2
\BOOKMARK [2][-]{subsection.1.2}{\376\377\000P\000r\000o\000b\000l\000e\000m\000\040\000D\000e\000f\000i\000n\000i\000t\000i\000o\000n}{section.1}% 3
\BOOKMARK [2][-]{subsection.1.3}{\376\377\000R\000e\000s\000e\000a\000r\000c\000h\000\040\000O\000b\000j\000e\000c\000t\000i\000v\000e\000s}{section.1}% 4
\BOOKMARK [2][-]{subsection.1.4}{\376\377\000C\000o\000n\000t\000r\000i\000b\000u\000t\000i\000o\000n\000\040\000S\000u\000m\000m\000a\000r\000y}{section.1}% 5
\BOOKMARK [1][-]{section.2}{\376\377\000S\000y\000s\000t\000e\000m\000\040\000A\000r\000c\000h\000i\000t\000e\000c\000t\000u\000r\000e}{}% 6
\BOOKMARK [2][-]{subsection.2.1}{\376\377\000H\000i\000g\000h\000-\000L\000e\000v\000e\000l\000\040\000A\000r\000c\000h\000i\000t\000e\000c\000t\000u\000r\000e}{section.2}% 7
\BOOKMARK [2][-]{subsection.2.2}{\376\377\000C\000o\000m\000p\000o\000n\000e\000n\000t\000\040\000D\000e\000s\000c\000r\000i\000p\000t\000i\000o\000n}{section.2}% 8
\BOOKMARK [3][-]{subsubsection.2.2.1}{\376\377\000M\000o\000o\000d\000l\000e\000\040\000P\000l\000u\000g\000i\000n\000\040\000\050\000F\000r\000o\000n\000t\000e\000n\000d\000\051}{subsection.2.2}% 9
\BOOKMARK [3][-]{subsubsection.2.2.2}{\376\377\000F\000a\000s\000t\000A\000P\000I\000\040\000B\000a\000c\000k\000e\000n\000d}{subsection.2.2}% 10
\BOOKMARK [3][-]{subsubsection.2.2.3}{\376\377\000v\000L\000L\000M\000\040\000\050\000I\000n\000f\000e\000r\000e\000n\000c\000e\000\040\000S\000e\000r\000v\000e\000r\000\051}{subsection.2.2}% 11
\BOOKMARK [3][-]{subsubsection.2.2.4}{\376\377\000Q\000d\000r\000a\000n\000t\000\040\000\050\000V\000e\000c\000t\000o\000r\000\040\000D\000a\000t\000a\000b\000a\000s\000e\000\051}{subsection.2.2}% 12
\BOOKMARK [3][-]{subsubsection.2.2.5}{\376\377\000E\000m\000b\000e\000d\000d\000i\000n\000g\000\040\000S\000e\000r\000v\000i\000c\000e}{subsection.2.2}% 13
\BOOKMARK [3][-]{subsubsection.2.2.6}{\376\377\000R\000e\000d\000i\000s\000\040\000C\000a\000c\000h\000e}{subsection.2.2}% 14
\BOOKMARK [1][-]{section.3}{\376\377\000R\000A\000G\000\040\000P\000i\000p\000e\000l\000i\000n\000e}{}% 15
\BOOKMARK [2][-]{subsection.3.1}{\376\377\000D\000o\000c\000u\000m\000e\000n\000t\000\040\000I\000n\000g\000e\000s\000t\000i\000o\000n}{section.3}% 16
\BOOKMARK [2][-]{subsection.3.2}{\376\377\000Q\000u\000e\000s\000t\000i\000o\000n\000\040\000A\000n\000s\000w\000e\000r\000i\000n\000g\000\040\000F\000l\000o\000w}{section.3}% 17
\BOOKMARK [2][-]{subsection.3.3}{\376\377\000P\000r\000o\000m\000p\000t\000\040\000T\000e\000m\000p\000l\000a\000t\000e}{section.3}% 18
\BOOKMARK [1][-]{section.4}{\376\377\000T\000e\000c\000h\000n\000o\000l\000o\000g\000y\000\040\000S\000t\000a\000c\000k}{}% 19
\BOOKMARK [2][-]{subsection.4.1}{\376\377\000C\000o\000r\000e\000\040\000T\000e\000c\000h\000n\000o\000l\000o\000g\000i\000e\000s}{section.4}% 20
\BOOKMARK [2][-]{subsection.4.2}{\376\377\000H\000a\000r\000d\000w\000a\000r\000e\000\040\000R\000e\000q\000u\000i\000r\000e\000m\000e\000n\000t\000s}{section.4}% 21
\BOOKMARK [1][-]{section.5}{\376\377\000M\000o\000d\000e\000l\000\040\000S\000e\000l\000e\000c\000t\000i\000o\000n\000:\000\040\000Q\000w\000e\000n\0002\000.\0005\000-\0003\000B\000-\000I\000n\000s\000t\000r\000u\000c\000t}{}% 22
\BOOKMARK [2][-]{subsection.5.1}{\376\377\000W\000h\000y\000\040\000Q\000w\000e\000n\0002\000.\0005\000-\0003\000B\000?}{section.5}% 23
\BOOKMARK [3][-]{subsubsection.5.1.1}{\376\377\000P\000e\000r\000f\000o\000r\000m\000a\000n\000c\000e\000\040\000C\000o\000m\000p\000a\000r\000i\000s\000o\000n}{subsection.5.1}% 24
\BOOKMARK [3][-]{subsubsection.5.1.2}{\376\377\000K\000e\000y\000\040\000A\000d\000v\000a\000n\000t\000a\000g\000e\000s}{subsection.5.1}% 25
\BOOKMARK [2][-]{subsection.5.2}{\376\377\000M\000u\000l\000t\000i\000l\000i\000n\000g\000u\000a\000l\000\040\000S\000u\000p\000p\000o\000r\000t}{section.5}% 26
\BOOKMARK [1][-]{section.6}{\376\377\000P\000e\000r\000f\000o\000r\000m\000a\000n\000c\000e\000\040\000O\000p\000t\000i\000m\000i\000z\000a\000t\000i\000o\000n}{}% 27
\BOOKMARK [2][-]{subsection.6.1}{\376\377\000L\000a\000t\000e\000n\000c\000y\000\040\000O\000p\000t\000i\000m\000i\000z\000a\000t\000i\000o\000n}{section.6}% 28
\BOOKMARK [2][-]{subsection.6.2}{\376\377\000T\000h\000r\000o\000u\000g\000h\000p\000u\000t\000\040\000O\000p\000t\000i\000m\000i\000z\000a\000t\000i\000o\000n}{section.6}% 29
\BOOKMARK [1][-]{section.7}{\376\377\000Q\000u\000a\000l\000i\000t\000y\000\040\000M\000e\000t\000r\000i\000c\000s}{}% 30
\BOOKMARK [2][-]{subsection.7.1}{\376\377\000E\000v\000a\000l\000u\000a\000t\000i\000o\000n\000\040\000M\000e\000t\000h\000o\000d\000o\000l\000o\000g\000y}{section.7}% 31
\BOOKMARK [2][-]{subsection.7.2}{\376\377\000R\000e\000a\000l\000-\000w\000o\000r\000l\000d\000\040\000E\000x\000a\000m\000p\000l\000e}{section.7}% 32
\BOOKMARK [1][-]{section.8}{\376\377\000S\000e\000c\000u\000r\000i\000t\000y\000\040\000\046\000\040\000P\000r\000i\000v\000a\000c\000y}{}% 33
\BOOKMARK [2][-]{subsection.8.1}{\376\377\000A\000u\000t\000h\000e\000n\000t\000i\000c\000a\000t\000i\000o\000n}{section.8}% 34
\BOOKMARK [2][-]{subsection.8.2}{\376\377\000R\000a\000t\000e\000\040\000L\000i\000m\000i\000t\000i\000n\000g}{section.8}% 35
\BOOKMARK [2][-]{subsection.8.3}{\376\377\000D\000a\000t\000a\000\040\000P\000r\000i\000v\000a\000c\000y}{section.8}% 36
\BOOKMARK [2][-]{subsection.8.4}{\376\377\000I\000n\000p\000u\000t\000\040\000V\000a\000l\000i\000d\000a\000t\000i\000o\000n}{section.8}% 37
\BOOKMARK [1][-]{section.9}{\376\377\000D\000e\000p\000l\000o\000y\000m\000e\000n\000t}{}% 38
\BOOKMARK [2][-]{subsection.9.1}{\376\377\000D\000o\000c\000k\000e\000r\000\040\000C\000o\000m\000p\000o\000s\000e\000\040\000O\000r\000c\000h\000e\000s\000t\000r\000a\000t\000i\000o\000n}{section.9}% 39
\BOOKMARK [2][-]{subsection.9.2}{\376\377\000S\000e\000r\000v\000i\000c\000e\000\040\000C\000o\000n\000f\000i\000g\000u\000r\000a\000t\000i\000o\000n}{section.9}% 40
\BOOKMARK [1][-]{section.10}{\376\377\000M\000o\000n\000i\000t\000o\000r\000i\000n\000g\000\040\000\046\000\040\000O\000b\000s\000e\000r\000v\000a\000b\000i\000l\000i\000t\000y}{}% 41
\BOOKMARK [2][-]{subsection.10.1}{\376\377\000M\000e\000t\000r\000i\000c\000s\000\040\000C\000o\000l\000l\000e\000c\000t\000i\000o\000n}{section.10}% 42
\BOOKMARK [2][-]{subsection.10.2}{\376\377\000G\000r\000a\000f\000a\000n\000a\000\040\000D\000a\000s\000h\000b\000o\000a\000r\000d\000s}{section.10}% 43
\BOOKMARK [2][-]{subsection.10.3}{\376\377\000H\000e\000a\000l\000t\000h\000\040\000M\000o\000n\000i\000t\000o\000r\000i\000n\000g}{section.10}% 44
\BOOKMARK [1][-]{section.11}{\376\377\000R\000e\000v\000i\000e\000w\000\040\000o\000f\000\040\000C\000o\000m\000p\000l\000e\000t\000e\000d\000\040\000W\000o\000r\000k\000\040\000a\000n\000d\000\040\000F\000u\000t\000u\000r\000e\000\040\000R\000e\000s\000e\000a\000r\000c\000h\000\040\000D\000i\000r\000e\000c\000t\000i\000o\000n\000s}{}% 45
\BOOKMARK [2][-]{subsection.11.1}{\376\377\000A\000c\000c\000o\000m\000p\000l\000i\000s\000h\000e\000d\000\040\000D\000e\000v\000e\000l\000o\000p\000m\000e\000n\000t\000\040\000a\000n\000d\000\040\000R\000e\000s\000e\000a\000r\000c\000h\000\040\000A\000c\000t\000i\000v\000i\000t\000i\000e\000s}{section.11}% 46
\BOOKMARK [3][-]{subsubsection.11.1.1}{\376\377\000P\000h\000a\000s\000e\000\040\0001\000:\000\040\000S\000y\000s\000t\000e\000m\000a\000t\000i\000c\000\040\000M\000o\000d\000e\000l\000\040\000E\000v\000a\000l\000u\000a\000t\000i\000o\000n\000\040\000C\000a\000m\000p\000a\000i\000g\000n}{subsection.11.1}% 47
\BOOKMARK [3][-]{subsubsection.11.1.2}{\376\377\000P\000h\000a\000s\000e\000\040\0002\000:\000\040\000E\000v\000a\000l\000u\000a\000t\000i\000o\000n\000\040\000M\000e\000t\000h\000o\000d\000o\000l\000o\000g\000y\000\040\000R\000e\000f\000i\000n\000e\000m\000e\000n\000t}{subsection.11.1}% 48
\BOOKMARK [3][-]{subsubsection.11.1.3}{\376\377\000P\000h\000a\000s\000e\000\040\0003\000:\000\040\000A\000r\000c\000h\000i\000t\000e\000c\000t\000u\000r\000e\000\040\000O\000p\000t\000i\000m\000i\000z\000a\000t\000i\000o\000n\000\040\000a\000n\000d\000\040\000M\000o\000d\000e\000l\000\040\000S\000e\000l\000e\000c\000t\000i\000o\000n}{subsection.11.1}% 49
\BOOKMARK [2][-]{subsection.11.2}{\376\377\000P\000l\000a\000n\000n\000e\000d\000\040\000F\000u\000t\000u\000r\000e\000\040\000D\000e\000v\000e\000l\000o\000p\000m\000e\000n\000t}{section.11}% 50
\BOOKMARK [3][-]{subsubsection.11.2.1}{\376\377\000S\000h\000o\000r\000t\000-\000t\000e\000r\000m\000\040\000R\000e\000s\000e\000a\000r\000c\000h\000\040\000O\000b\000j\000e\000c\000t\000i\000v\000e\000s\000\040\000\050\000Q\0001\000\040\0002\0000\0002\0006\000\051}{subsection.11.2}% 51
\BOOKMARK [3][-]{subsubsection.11.2.2}{\376\377\000M\000e\000d\000i\000u\000m\000-\000t\000e\000r\000m\000\040\000R\000e\000s\000e\000a\000r\000c\000h\000\040\000O\000b\000j\000e\000c\000t\000i\000v\000e\000s\000\040\000\050\000Q\0002\000-\000Q\0003\000\040\0002\0000\0002\0006\000\051}{subsection.11.2}% 52
\BOOKMARK [3][-]{subsubsection.11.2.3}{\376\377\000L\000o\000n\000g\000-\000t\000e\000r\000m\000\040\000R\000e\000s\000e\000a\000r\000c\000h\000\040\000D\000i\000r\000e\000c\000t\000i\000o\000n\000s\000\040\000\050\000Q\0004\000\040\0002\0000\0002\0006\000\040\000a\000n\000d\000\040\000B\000e\000y\000o\000n\000d\000\051}{subsection.11.2}% 53
\BOOKMARK [1][-]{section.12}{\376\377\000C\000o\000n\000c\000l\000u\000s\000i\000o\000n}{}% 54
\BOOKMARK [2][-]{subsection.12.1}{\376\377\000Q\000u\000a\000n\000t\000i\000t\000a\000t\000i\000v\000e\000\040\000R\000e\000s\000u\000l\000t\000s}{section.12}% 55
\BOOKMARK [2][-]{subsection.12.2}{\376\377\000K\000e\000y\000\040\000F\000i\000n\000d\000i\000n\000g\000s}{section.12}% 56
\BOOKMARK [2][-]{subsection.12.3}{\376\377\000L\000i\000m\000i\000t\000a\000t\000i\000o\000n\000s\000\040\000a\000n\000d\000\040\000F\000u\000t\000u\000r\000e\000\040\000W\000o\000r\000k}{section.12}% 57
\BOOKMARK [2][-]{subsection.12.4}{\376\377\000P\000r\000a\000c\000t\000i\000c\000a\000l\000\040\000I\000m\000p\000a\000c\000t}{section.12}% 58
